<!DOCTYPE html PUBLIC "-//W3C//DTD XHTML 1.0 Transitional//EN" "http://www.w3.org/TR/xhtml1/DTD/xhtml1-transitional.dtd">

<html xmlns="http://www.w3.org/1999/xhtml" xml:lang="en" lang="en">

  <head>

   

    <title>PHP Web Application Server - PHP Development tools - PHP Training - Zend.com</title>    

                        <meta name="keywords" content="" lang="en"/>

                <meta name="http-host" content="web02" />

    <meta name="revisit-after" content="15 days" />

    <meta name="Language" content="en" />

    <meta name="copyright" content="" />

    <link rel="shortcut icon" href="http://static.zend.com/img/favicon.ico" type="image/x-icon"/>

    <link rel="alternate" type="application/atom+xml" title="Zend Press Releases" href="/en/company/news/press/feed" />

    <link rel="alternate" type="application/atom+xml" title="Zend Newsletters" href="/en/company/news/newsletter/feed" />

    <link rel="alternate" type="application/atom+xml" title="Zend Events" href="/en/company/news/event/feed" />

    <link rel="stylesheet" href="http://static.zend.com/topics/all9179746-en.css" type="text/css" media="all" />

    <!--[if IE]><link rel="stylesheet" href="http://static.zend.com/styles/iestyles.css" type="text/css" media="all" /><![endif]-->

    <!--[if lte IE 7]><link rel="stylesheet" href="http://static.zend.com/styles/lte_ie7.css" type="text/css" media="all" /><![endif]-->

    <!--[if lt IE 7]><link rel="stylesheet" href="http://static.zend.com/styles/non_ie7.css" type="text/css" media="all" /><![endif]-->

    <!--[if lt IE 7]><script type="text/javascript" src="/js/ds-sleight.js"></script><![endif]-->

<link rel="stylesheet" href="http://static.zend.com/styles/print.css" type="text/css" media="print" />

    

  <meta name="generator" content="Zend.com CMS 6.0" />

    <meta name="vendor" content="Zend Technologies, Inc." />

    <meta name="robots" content="index,follow" />

 

  </head>

  <body class="en-lang">

  <div class="container" style="position:relative;z-index:1;">

    <div class="header">

        <h1 id="logo"><a href="/en/"><span>Zend - The PHP Company</span></a></h1>

        <ul class="top-header-right-container">

            <li><img src="http://static.zend.com/img/newfp/top_header_separator.png" /></li>

            <li class="social">

                <a href="http://twitter.com/zend" rel="external"><img style="padding-right: 8px;" src="http://static.zend.com/img/newfp/twitter_icon.png" /></a>

                <a href="http://www.facebook.com/home.php#/pages/Zend-Technologies/190917412139" rel="external"><img src="http://static.zend.com/img/newfp/facebook_icon.png" /></a>

            </li>

            <li><img src="http://static.zend.com/img/newfp/top_header_separator.png" /></li>

            <li>

                <a href="http://shop.zend.com"><img style="padding-right: 8px;" src="http://static.zend.com/img/newfp/cart_icon.png" />Store</a>

            </li>

            <li><img src="http://static.zend.com/img/newfp/top_header_separator.png" /></li>

            <li>

            <a href="http://forums.zend.com">Forums</a>

            </li>

            <li><img src="http://static.zend.com/img/newfp/top_header_separator.png" /></li>

            <li>

            <a href="/en/user/myzend">My Account</a>

            </li>

            <li><img src="http://static.zend.com/img/newfp/top_header_separator.png" /></li>

            <li id="zcmsloginlink">

            <a href="/en/user/myzend">Sign in</a>

            </li>

            <li id="zcmslogoutlink" style="display:none;">

            <a href="/en/user/logout">Sign out</a>

            </li>

            <li><img src="http://static.zend.com/img/newfp/top_header_separator.png" /></li>

            <li>

            <a href="/de/"><img style="padding-right:3px;" src="http://static.zend.com/img/newfp/german_flag_icon.png" /></a>

            <a href="/fr/"><img style="padding-right:3px;" src="http://static.zend.com/img/newfp/french_flag_icon.png" /></a>

            <a href="/it/"><img style="padding-right:10px;" src="http://static.zend.com/img/newfp/italy_flag_icon.png" /></a>

            </li>

            <li>

            <form method="get" action="/en/search">

                <fieldset>

                    <legend>Search Site</legend>

                    <input type="text" name="query" class="search"/>

                    <input type="image" src="http://static.zend.com/img/newfp/searchbox_button.png" alt="Search" class="image"/>

                </fieldset>

            </form>            

            </li>

          </ul><br />

          <ul class="top-bottom-right-container">

             <li class="downloads">

                 <a href="/en/downloads/"><span style="padding-left: 85px;">&nbsp;</span></a>

             </li>

             <li class="newsletter" id="zend-header-news-link">

                 <a href="/en/newsletter" >Newsletter</a>

                 <div class="zend-newsletter-signup-popup">

                     <img src="http://static.zend.com/img/newfp/newsletter_icon_over.png" />Your email:<br />

                     <form method="post" action="http://now.eloqua.com/e/f2.aspx">

                         <input type="text" class="newsletter-email required-entry validate-email" name="Email"><input type="image" src="http://static.zend.com/img/newfp/submit_button.png" class="image">

                         <input type="hidden" value="NewsletterSignup" name="elqFormName"><input type="hidden" value="714" name="elqSiteID">

                     </form> 

                  </div>

             </li>

             <li class="support">

                 <a href="/en/support-center/" >Support</a>

             </li>

             <li class="contact">

                 <a href="/en/company/contact-us/" >Contact</a>

             </li>

          </ul>

        <div class="nav-bar">

            <table id="nav" class="dropdown"><tr><td><span class="left"></span><a href="http://www.zend.com/en/solutions/"><span class="separator"></span><strong>Solutions</strong></a><ul><li><a href="http://www.zend.com/en/solutions/">Solutions Overview</a></li><li><a href="http://www.zend.com/en/solutions/get-started-php/">Get Started with PHP</a></li><li><a href="http://www.zend.com/en/solutions/build-quality-php/">Develop & Test</a></li><li><a href="http://www.zend.com/en/solutions/performance-availability/">Deploy & Run</a></li><li><a href="http://www.zend.com/en/solutions/packaged-php-applications/">Run Packaged Apps</a></li><li><a href="http://www.zend.com/en/solutions/modernize-ibm-i/">IBM i Solutions</a></li><li><a href="http://www.zend.com/en/solutions/linux-windows-mac/">Linux, Windows, Mac</a></li><li><a href="http://www.zend.com/en/solutions/cut-it-costs/">Increase Efficiency</a></li><li><a href="http://www.zend.com/en/solutions/meet-compliance/">Achieve Compliance</a></li><li><a href="http://www.zend.com/en/solutions/php-cloud/">PHP in the Cloud</a></li></ul></td><td><a href="http://www.zend.com/en/products/"><span class="separator"></span><strong>Products</strong></a><ul><li><a href="http://www.zend.com/en/products/">Products Overview</a></li><li><a href="http://www.zend.com/en/products/zend-unlimited">Zend Unlimited</a></li><li><a href="http://www.zend.com/en/products/server/">Zend Server</a></li><li><a href="http://www.zend.com/en/products/server-cluster-manager/">Zend Server Cluster Manager</a></li><li><a href="http://www.zend.com/en/products/studio/">Zend Studio</a></li><li><a href="http://www.zend.com/en/products/guard/">Zend Guard</a></li><li><a href="http://www.zend.com/en/products/php-cloud/">Zend Cloud Platform</a></li></ul></td><td><a href="http://www.zend.com/en/services/"><span class="separator"></span><strong>Services</strong></a><ul><li><a href="http://www.zend.com/en/services/">Global Services</a></li><li><a href="http://www.zend.com/en/services/consulting/">PHP Consulting</a></li><li><a href="http://www.zend.com/en/services/certification/">PHP Certification</a></li><li><a href="http://www.zend.com/en/services/training/">PHP Training</a></li></ul></td><td><a href="http://www.zend.com/en/downloads/"><span class="separator"></span><strong>Downloads</strong></a><ul><li><a href="http://www.zend.com/en/downloads/">Downloads</a></li></ul></td><td><a href="http://www.zend.com/en/community/"><span class="separator"></span><strong>Community</strong></a><ul><li><a href="http://www.zend.com/en/community/">Community Overview</a></li><li><a href="http://www.zend.com/en/community/php">PHP & Zend Engine</a></li><li><a href="http://www.zend.com/en/community/framework">Zend Framework</a></li><li><a href="http://www.zend.com/en/products/server-ce/">Zend Server Community Edition</a></li><li><a href="http://www.zend.com/en/community/pdt">Eclipse PHP Development Tools (PDT)</a></li><li><a href="http://www.zend.com/en/community/downloads">Zend Framework Downloads</a></li><li><a href="http://www.zend.com/en/community/local-php-groups">Local PHP Groups</a></li><li><a href="http://devzone.zend.com/">Zend Developer Zone</a></li></ul></td><td><a href="http://www.zend.com/en/resources/"><span class="separator"></span><strong>Resources</strong></a><ul><li><a href="http://www.zend.com/en/resources/">Resources</a></li><li><a href="http://www.zend.com/en/resources/zend-documentation/">Zend Product Documentation</a></li><li><a href="http://www.zend.com/en/resources/white-papers/">PHP White Papers</a></li><li><a href="http://www.zend.com/en/resources/case-studies/">Case Studies</a></li><li><a href="http://www.zend.com/en/news/newsletter/">Newsletters</a></li><li><a href="http://www.zend.com/en/resources/webinars/">Recorded Webinars</a></li><li><a href="http://forums.zend.com/">Forums</a></li><li><a href="http://www.zend.com/en/company/events/">Upcoming Webinars & Events</a></li></ul></td><td><a href="http://www.zend.com/en/company/"><span class="separator"></span><strong>Company</strong></a><ul><li><a href="http://www.zend.com/en/company/">Company</a></li><li><a href="http://www.zend.com/en/company/partners/">Partners</a></li><li><a href="http://www.zend.com/en/company/news/">News</a></li><li><a href="http://www.zend.com/en/company/events/">Webinars & Events</a></li><li><a href="http://devzone.zend.com/">Devzone</a></li><li><a href="http://www.zend.com/en/company/customers/">Zend Customers</a></li><li><a href="http://www.zend.com/en/company/management/">Management</a></li><li><a href="http://www.zend.com/en/company/investors/">Investors</a></li><li><a href="http://www.zend.com/en/company/jobs-at-zend/">Jobs at Zend</a></li><li><a href="http://www.zend.com/en/company/contact-us/">Contact Us</a></li></ul></td><td><a href="http://www.zend.com/en/store/"><span class="separator"></span><strong>Online Store</strong></a><ul><li><a href="http://www.zend.com/en/store/">Store Lobby</a></li><li><a href="http://www.zend.com/storeapi/index/redirect/?uri=zend-developer-solutions.html/">Developer Solutions</a></li><li><a href="http://www.zend.com/storeapi/index/redirect/?uri=production-solutions.html/">Production Solutions </a></li><li><a href="http://www.zend.com/storeapi/index/redirect/?uri=ibm-i-solutions.html/">Solutions for IBM i</a></li><li><a href="http://www.zend.com/storeapi/index/redirect/?uri=php-training.html/">Online Training</a></li><li><a href="http://www.zend.com/storeapi/index/redirect/?uri=php-training-bundles.html/">PHP Training Bundles</a></li><li><a href="http://www.zend.com/storeapi/index/redirect/?uri=php-certification.html/">PHP Certification</a></li><li><a href="http://www.zend.com/storeapi/index/redirect/?uri=zf-certification.html/">Zend Framework Certification</a></li><li><a href="http://www.zend.com/storeapi/index/redirect/?uri=zend-framework.html/">Zend Framework</a></li><li><a href="http://www.zend.com/storeapi/index/redirect/?uri=special-offers.html/"> Special Offers</a></li><li><a href="http://www.zend.com/storeapi/index/redirect/?uri=software.html/">All Software</a></li><li><a href="http://www.zend.com/storeapi/index/redirect/?uri=php-products.html/">All Store Products</a></li></ul></td><td><a href="http://www.zend.com/en/support-center/"><span class="separator"></span><strong>Support Center</strong></a><ul><li><a href="http://forums.zend.com/">Zend Forums</a></li><li><a href="http://kb.zend.com/">Knowledge Base</a></li><li><a href="http://www.zend.com/en/resources/zend-documentation/">Documentation</a></li><li><a href="http://www.zend.com/en/support-center/">Support Center</a></li><li><a href="http://www.zend.com/en/support-center/support/">Support Programs</a></li></ul><span class="right"></span></td></tr></table>

        </div>

    </div>

                  

                <div class="main">

        

                    

<style>

.home-main .col4-set div.alt-col {

background: url(/img/newfp/video_box_bg.png) repeat scroll 0 0 transparent;

margin-left: -20px;

width: 232px;

height:195px;

position: relative;

}

.home-main .col4-set div.alt-col .paragraph-head h3 {

color: #464646;

font: 16px Helvetica;

padding: 7px 0 0;

}

.home-main .col4-set div.alt-col .paragraph-head .paragraph-image {

position: absolute;

top: 30px;

display: block;

left: 10px;

}

.home-main .col4-set div.alt-col .paragraph-body {

color: #464646;

font: 12px Helvetica;

padding-top: 135px;

}

#home-spot-div-img-navigation {

position: absolute;

top: 20px;

right: 20px;

}

#home-spot-div-img-navigation img {

margin-right: 6px;

}

</style>



<div id="home-spot-div" class="new-home-spot" style="float:left;padding-left:0;padding-bottom:10px;border:0;margin:0;">

<a href="/en/services/training/training-bundles?src=hpb">

<img id="home-spot-div-img-1" class="home-spot-div-img" src="http://static.zend.com/topics/hp-main-Zend-PHP-Training-Bundles.jpg" style="display:block;"/>

</a>

<a href="/en/products/php-cloud?src=hpb">

<img id="home-spot-div-img-2" class="home-spot-div-img" src="http://static.zend.com/topics/homepage-main-Zend-Cloud.jpg" style="display:none;"/>

</a>

<a href="/en/products/server/?src=hpb">

<img id="home-spot-div-img-3" class="home-spot-div-img" src="http://static.zend.com/topics/hp-main-zend-server.jpg" style="display:none;"/>

</a>

<div id="home-spot-div-img-navigation">&nbsp;</div></div>

<div id="home-sliders" style="float:right;height:250px;">

<div id="home-slider-1">

<div class="home-slider-header"><a href="javascript:fp_slider(1);">Zend Studio 8 &nbsp;<span id="home-slider-1-span"><img src="http://static.zend.com/img/newfp/featured_bar_arrow_closed.png" /></span></a></div>

<div class="home-slider-body" style="display: block;"><a href="/en/products/studio/?src=hpsb"><img src="http://static.zend.com/topics/hp-promo-zend-studio8.gif"></a></div>

</div>

<div id="home-slider-2">

<div class="home-slider-header"><a href="javascript:fp_slider(2);">Zend Framework Training &nbsp;<span id="home-slider-2-span"><img src="http://static.zend.com/img/newfp/featured_bar_arrow_closed.png" /></span></a></div>

<div class="home-slider-body" style="display: none;"><a href="http://www.zend.com/storeapi/index/redirect/?uri=zend-framework-training-certification-bundle.html?src=hpsb"><img src="http://static.zend.com/topics/hp-promo-store-training-bundle.gif"></a></div>

</div>

<div id="home-slider-3">

<div class="home-slider-header"><a href="javascript:fp_slider(3);">Zend Unlimited &nbsp;<span id="home-slider-3-span"><img src="http://static.zend.com/img/newfp/featured_bar_arrow_closed.png" /></span></a></div>

<div class="home-slider-body" style="display: none;"><a href="/en/products/zend-unlimited?src=hpsb"><img src="http://static.zend.com/topics/hp-promo-zend-unlimited.gif"></a></div>

</div>

</div>

<div id="zend-news-ticker">

<img src="http://static.zend.com/img/newfp/news_bg_left.png" /><a href="/en/company/news/"><span class="title">News & Events </span></a><img src="http://static.zend.com/img/newfp/news_bg_separator.png" /><script type="text/javascript">var znewstickeritems = [{"title":"WEBINAR:  SVN or SSH? Let's use them both with Zend Studio!","date":"2011-01-19","link":"/en/company/news/event/webinar-svn-or-ssh-let-s-use-them-both-with-zend-studio"},{"title":"OCEAN User Group of Southern California","date":"2011-01-18","link":"/en/company/news/event/ocean-user-group-of-southern-california"},{"title":"WEBINAR:  Acquia and Zend: Scale Drupal-based Websites Effectively with Zend PHP","date":"2010-12-15","link":"/en/company/news/event/webinar-acquia-and-zend-scale-drupal-based-websites-effectively-with-zend-php-solutions"},{"title":"WEBINAR:  Show off your Expertise with the Zend Certified Engineer Program!","date":"2010-12-14","link":"/en/company/news/event/webinar-show-off-your-expertise-with-the-zend-certified-engineer-program"},{"title":"WEBINAR:  Zend Framework v1 + Doctrine v2","date":"2010-12-14","link":"/en/company/news/event/webinar-zend-framework-v1-doctrine-v2"},{"title":"InternetNews.com Presents the CEO Vision Awards","date":"2010-12-02","link":"/en/company/news/news-links/internetnews-com-presents-the-ceo-vision-awards"},{"title":"Zend Heads into Open Arms of Developers and Large Enterprises Alike","date":"2010-11-12","link":"/en/company/news/news-links/zend-heads-into-open-arms-of-developers-and-large-enterprises-alike"},{"title":"Updated Zend Studio PHP IDE","date":"2010-11-05","link":"/en/company/news/news-links/updated-zend-studio-php-ide"},{"title":"How to Build an Agile Dev Team - The GE Way","date":"2010-11-03","link":"/en/company/news/news-links/how-to-build-an-agile-dev-team-the-ge-way"},{"title":"Zend looks to optimize PHP for mobile devices and the cloud","date":"2010-11-02","link":"/en/company/news/news-links/zend-looks-to-optimize-php-for-mobile-devices-and-the-cloud"},{"title":"Zend Releases Major Update of Zend Studio, the Leading PHP IDE","date":"2010-11-02","link":"/en/company/news/press/zend-releases-major-update-of-zend-studio-the-leading-php-ide"},{"title":"New Version of Zend Framework Drives Cloud Portability and Mobile Application De","date":"2010-11-02","link":"/en/company/news/press/new-version-of-zend-framework-drives-cloud-portability-and-mobile-application-development"},{"title":"Zend Takes Enterprise PHP to the Cloud","date":"2010-11-02","link":"/en/company/news/press/zend-takes-enterprise-php-to-the-cloud"},{"title":"Andi Gutmans, Rod Johnson, Dries Buytaert and Matt Merchant to Keynote at ZendCo","date":"2010-10-13","link":"/en/company/news/press/andi-gutmans-rod-johnson-dries-buytaert-and-matt-merchant-to-keynote-at-zendcon-2010-php-technology-conference"},{"title":" Zend Technologies Partners with RightScale to Simplify PHP Development in the C","date":"2010-09-28","link":"/en/company/news/press/zend-technologies-partners-with-rightscale-to-simplify-php-development-in-the-cloud"}];</script><p id="zend-news-ticker-p"><a href="/en/company/news/event/webinar-svn-or-ssh-let-s-use-them-both-with-zend-studio">WEBINAR:  SVN or SSH? Let's use them both with Zend Studio! | <span>2011-01-19</span></a></p><span class="right"><a href="/en/company/news/"><img src="http://static.zend.com/img/newfp/news_bg_read_all_en.png" /></a><a href="/en/rss-feeds"><img src="http://static.zend.com/img/newfp/news_bg_rss_icon.png" /></a><img src="http://static.zend.com/img/newfp/news_bg_right.png" /></span>

</div>

<div class="main home-main">

<div class="col4-set">

<div class="col-1">

<div class="paragraph-head"><div class="paragraph-image" id="home-paragraph-img-1"><img src="http://static.zend.com/topics//develop-icon.png" /></div><h3>Develop</h3><br style="clear:both;"/></div>

<div class="paragraph-body">

Build high-quality PHP applications faster with the Zend developer solutions - <a href="http://framework.zend.com">Zend Framework</a>, <a href="/en/products/studio">Zend Studio</a> and <a href="/en/products/server">Zend Server</a>. Build up your skills with PHP and Zend Framework training and certification.</div>

</div>

<div class="col-2">

<div class="paragraph-head"><div class="paragraph-image" id="home-paragraph-img-2"><img src="http://static.zend.com/topics//manage-icon.png" /></div><h3>Manage</h3><br style="clear:both;"/></div>

<div class="paragraph-body">

Meet performance and availability requirements, reduce operational costs and receive up to 24x7 technical support with the Zend production server solutions &ndash; <a href="/en/products/server">Zend Server</a> and <a href="/en/products/server-cluster-manager">Zend Server Cluster Manager</a>.</div>

</div>

<div class="col-3">

<div class="paragraph-head"><div class="paragraph-image" id="home-paragraph-img-3"><img src="http://static.zend.com/topics//scale-icon.png" /></div><h3>Scale</h3><br style="clear:both;"/></div>

<div class="paragraph-body">

Easily add server capacity and manage multiple Zend Server instances to address changes in website traffic. Use <a href="/en/products/server/amazon/">cloud computing</a> to reduce costs and achieve flexibility and elasticity.</div>

</div>

<div class="col-4 alt-col">

<div class="paragraph-head"><div class="paragraph-image" id="home-paragraph-img-4"><img src="http://static.zend.com/topics//video-box-demo.gif" /></div><h3>Our Customers</h3><br style="clear:both;"/></div>

<div class="paragraph-body">

<script type="text/javascript">

window.onload = function() { var so = new SWFObject("http://www.youtube.com/v/aGv7stbWvIw?fs=1&amp;hl=en_US&amp;rel=0", "home-paragraph-img-4-movie", "225", "135", "9", "#000000");so.write("home-paragraph-img-4");}

</script>

 Ken Harris, CIO, Shaklee Corporation</div>

</div>

<div class="clear"></div>

<div class="homepage-customers">

<img class="left" src="http://static.zend.com/img/newfp/cutomers_logos_bg_left.png">

<ul class="inner">

<li>

<img src="http://static.zend.com/topics//NYSE.png" />

</li>

<li>

<img src="http://static.zend.com/topics//bankofamerica.png" />

</li>

<li>

<img src="http://static.zend.com/topics//Cisco-webex-logo-small.jpg" />

</li>

<li>

<img src="http://static.zend.com/topics//BNP.png" />

</li>

<li>

<img src="http://static.zend.com/topics//bestbuy.png" />

</li>

<li>

<img src="http://static.zend.com/topics//deutsche.png" />

</li>

</ul>

<img src="http://static.zend.com/img/newfp/cutomers_logos_bg_right.png">

</div>

</div>

</div>                </div>

        

                      <div class="footer" style="clear:both;">

    <div class="footer-nav-holder">

        <strong>Solutions<br/></strong>

			<ul>

				<li><a href="/en/solutions/">Zend Solutions</a></li>

				<li><a href="/en/solutions/get-started-php/">Get Started with PHP</a></li>

				<li><a href="/en/solutions/build-quality-php/">Develop & test PHP Apps</a></li>

				<li><a href="/en/solutions/performance-availability/">Deploy & Run PHP Apps</a></li>

			</ul>

			<ul>

                               <li><a href="/en/solutions/packaged-php-applications/">Run Packaged PHP Apps</a></li>

				<li><a href="/en/solutions/modernize-ibm-i/">PHP Solutions for IBM i</a></li>

				<li><a href="/en/solutions/linux-windows-mac/">Linux, Windows, Mac</a></li>

				<li><a href="/en/solutions/cut-it-costs/">Increase Efficiency</a></li>

			</ul>

    </div>

    <div class="footer-nav-holder">

        <strong>Products<br/></strong>

			<ul>

				<li><a href="/en/products/studio/">Zend Studio</a></li>

				<li><a href="/en/products/server/">Zend Server</a></li>

				<li><a href="/en/products/server-cluster-manager/">Zend Server Cluster Manager</a></li>

				<li><a href="/en/products/guard/">Zend Guard</a></li>

			</ul>

			<ul>

                               <li><a href="/en/products/zend-unlimited">Zend Unlimited</a></li>

				<li><a href="/en/solutions/php-cloud/">PHP in the Cloud</a></li>

				<li><a href="/en/downloads/">PHP Software Downloads</a></li>

				<li><a href="/en/community/pdt">Open-Source PHP Projects</a></li>

			</ul>

    </div>

    <div class="footer-nav-holder">

        <strong>Services<br/></strong>

			<ul>

				<li><a href="/en/services/training/">PHP Training</a></li>

				<li><a href="/en/services/certification/">PHP Certification</a></li>

				<li><a href="/en/services/consulting/">PHP Consulting Services</a></li>

				<li><a href="/en/support-center/support/">Support Programs</a></li>

			</ul>

			<ul>

                               <li><a href="/en/company/">About Zend</a></li>

				<li><a href="/en/resources/webinars/">PHP Webinars</a></li>

				<li><a href="http://shop.zend.com/en">Zend Online Store</a></li>

				<li><a href="/en/support-center/">Zend Support Center</a></li>

			</ul>

    </div>

    <div class="bottom-nav">

    <ul>

	<li><a href="/en/terms-and-conditions#privacy">Privacy Policy </a></li>

        <li><span class="separator">|</span><a href="/en/terms-and-conditions">Terms and Conditions</a></li>

	<li><span class="separator">|</span><a href="/en/company/contact-us"> Contact Us</a></li>

	<li><span class="separator">|</span><a href="/en/sitemap"> Site Map</a></li>

	<li><span class="separator">|</span><a href="/en/behind-the-site"> Behind the Site</a></li>

    </ul>

    <div class="legal">

	© 2010 Zend Technologies Ltd. All rights reserved.&nbsp;

    </div>

    </div>

</div>

</div> <div class="bottom-background">&nbsp;</div>

  <script type="text/javascript" language="javascript" src="http://static.zend.com/topics/all9179746-en.js"></script>



  </body>

  </html>



